../Core/Src/main.c:95:17:servoDegToUs	1
../Core/Src/main.c:100:13:servoSetAngle	1
../Core/Src/main.c:110:5:main	11
../Core/Src/main.c:253:6:SystemClock_Config	4
../Core/Src/main.c:312:13:MX_I2C1_Init	4
../Core/Src/main.c:360:13:MX_SDMMC1_SD_Init	2
../Core/Src/main.c:391:13:MX_SPI1_Init	2
../Core/Src/main.c:439:13:MX_SPI4_Init	2
../Core/Src/main.c:487:13:MX_TIM2_Init	6
../Core/Src/main.c:546:13:MX_USART2_UART_Init	5
../Core/Src/main.c:594:13:MX_GPIO_Init	1
../Core/Src/main.c:646:6:MPU_Config	1
../Core/Src/main.c:677:6:Error_Handler	1
