../Core/Src/main.c:95:17:servoDegToUs	1
../Core/Src/main.c:100:13:servoSetAngle	1
../Core/Src/main.c:110:5:main	9
../Core/Src/main.c:246:6:SystemClock_Config	4
../Core/Src/main.c:305:13:MX_I2C1_Init	4
../Core/Src/main.c:353:13:MX_SDMMC1_SD_Init	2
../Core/Src/main.c:384:13:MX_SPI1_Init	2
../Core/Src/main.c:432:13:MX_SPI4_Init	2
../Core/Src/main.c:480:13:MX_TIM2_Init	6
../Core/Src/main.c:539:13:MX_USART2_UART_Init	5
../Core/Src/main.c:587:13:MX_GPIO_Init	1
../Core/Src/main.c:639:6:MPU_Config	1
../Core/Src/main.c:670:6:Error_Handler	1
